1.cygwin installation:
https://cygwin.com/install.html

2.git environment setup in Windows system
https://www.cnblogs.com/EasonWu/archive/2012/11/27/git-windows-setup-by-cygwin.html

3.git material
3.1 GIT CHEAT SHEET
3.2 pro git
3.3  git blog
http://blog.51cto.com/fsjoy/244397


4.common command

4.1 精简的日志信息，可以使用
git log –pretty=oneline 指令
$ git log --pretty=oneline
320ae781d7642c4496f13d6002680126e59bd914 (HEAD -> master, origin/master) rename gitIntro1.txt
f9456b1ec8df97b2d54102d806eb7f6c8107cc9b delete test dir
e226a62673cd7e47fb715616d5f2a0377c5ddc72 Create test.txt
ec2fe5427f1ae421d7d63d044304ce8c3c5ede7d Add files via upload
bc479cd51f9c4da18889da488eccfb91d63a2b1f Delete Pro Git 2 中文版.pdf
3274bede5d1bb27fcc7e45b77aefd33d11ed0b17 Delete github-git-cheat-sheet.pdf
de075f40b96b26644ba5851e26e1c026bcbb93c9 Rename gitIntro.txt to gitIntro1.txt
489d38c36d45e5ec12fa30a5d23dd2e6d13b3142 git introduction
1aedb487c6dfbeb69bb749ede84f4569c4cb6821 Update git
f451c0eabf2ab6b9afc47c21949d48b7d503b13f add git cheet sheet
cc9ab73258c554f2c60399e4dedea6c56a0d695d Add git reference book
de637c04a970af7aeb86c7364523ffbb5e0665e6 git introduction
b123b2c8f9c681cdf82defeb01894429db21c5c1 gitSummary.txt
9e1f7c8667fb1e9651c271d897eb3b2e4775e319 Initial commit

4.2 查看当前的branch上最后一个commit记录
$ git branch -vv
* master 320ae78 rename gitIntro1.txt

4.3 reflog 指令获得每次提交的版本号
$ git reflog
320ae78 (HEAD -> master, origin/master) HEAD@{0}: commit: rename gitIntro1.txt
f9456b1 HEAD@{1}: commit: delete test dir
e226a62 HEAD@{2}: pull: Fast-forward
489d38c HEAD@{3}: clone: from https://github.com/kuailedeguisu/basicKnowledgeSummary.git



log 与 reflog 的区别：可以看到 log 只能查看 commit（提交）记录，并不是所有记录，而 reflog 指令可以查看版本库的任何记录，包括回退记录

4.4 commands step to step

4.4.1 git clone url

4.4.2 add filename into index
touch filename
modify filename
git add filename(git add . 添加工作区内所有文件 )
git status

4.4.3 commit code into HEAD
git commit -m "Commit for filename"

4.4.4 push code into remote location(github)
git remote -v

将本地的仓库关联到github上
git remote add origin https:// http://7881188.cn/自己的仓库url地址

如果push failed，
github上有一个README.md 文件没有下载下来 。我们得先
git pull --rebase origin master

上传代码到github远程仓库
git push -u origin master


4.4.5 将远端的改动copy到本地
git pull origin master

4.4.6 返回之前的状态
在 commit 之前，想要返回之前的状态，可以使用checkout指令
git checkout -- filename

在commit之后，想要返回之前的状态，可以使用reset命令
git reset –hard 版本号 ，回退到任意一次提交状态

4.4.7  example for git pull and git push
$ git remote -v
origin  https://github.com/kuailedeguisu/basicKnowledgeSummary.git (fetch)
origin  https://github.com/kuailedeguisu/basicKnowledgeSummary.git (push)

HCL@LP-2Q2ZKC2 ~/basicKnowledgeSummary
$ git pull origin master
From https://github.com/kuailedeguisu/basicKnowledgeSummary
 * branch            master     -> FETCH_HEAD
Merge made by the 'recursive' strategy.
 GIT/gitIntro.txt | 34 ++++++++++++++++++++++++++++++++--
 1 file changed, 32 insertions(+), 2 deletions(-)

HCL@LP-2Q2ZKC2 ~/basicKnowledgeSummary
$ git push -u origin master
Username for 'https://github.com':
Password for 'https://kuailedeguisu@github.com':
Counting objects: 5, done.
Delta compression using up to 4 threads.
Compressing objects: 100% (4/4), done.
Writing objects: 100% (5/5), 663 bytes | 165.00 KiB/s, done.
Total 5 (delta 0), reused 0 (delta 0)
To https://github.com/kuailedeguisu/basicKnowledgeSummary.git
   2097c25..fd074d9  master -> master
Branch 'master' set up to track remote branch 'master' from 'origin'.

HCL@LP-2Q2ZKC2 ~/basicKnowledgeSummary
$



更多命令请参看如下：
git init 当前的目录变成可以管理的git仓库，生成隐藏.git文件。
git add XX 把xx文件添加到暂存区去（XX可以使 单独的一个 . 表示添加工作区所有文件）
git commit –m “XX” 提交文件 XX是这次提交的注释。
git status 查看仓库状态
git diff XX 查看XX文件修改了那些内容
git log 查看历史记录
git reset –hard HEAD^ 或者 git reset –hard HEAD~ 回退到上一个版本
(如果想回退到100个版本，使用git reset –hard HEAD~100 )
git reflog 查看历史记录的版本号
git checkout – XX 把XX文件在工作区的修改全部撤销。
git rm XX 删除XX文件
git remote add origin https://github.com/用户id/远程仓库名.git 关联一个远程库
git push –u(第一次要用-u 以后不需要) origin master 把当前master分支推送到远程库
git clone https://github.com/用户id/远程仓库名.git 从远程库中克隆到本地

refer to
https://blog.csdn.net/chengzi_comm/article/details/51673802
